// Vitest Snapshot v1

exports[`Index > Generate sitemap 1`] = `undefined`;
